0:1: ST=BaWue, O=KIT
0:1:2: ST=BaWue, L=Karlsruhe, O=KIT
0:0:1:2: C=DE + ST=BaWue, L=Karlsruhe, O=KIT
